// Jest Snapshot v1, https://goo.gl/fbAQLP

exports[`MainContainer jest Checking state.debuggingName 1`] = `"<MainContainer/>"`;

exports[`MainContainer jest Matching to snapshot 1`] = `"<MainContainer/>"`;
